```
[true, false
```

ARRAY: "[true, false"(0, 12)
    TOKEN: "["(0, 1)
    TOKEN (BOOLEAN VALUE): "true"(1, 4)
    TOKEN: ","(5, 1)
    WS (EXTRA): " "(6, 1)
    TOKEN (BOOLEAN VALUE): "false"(7, 5)
    ERROR: ""(12, 0)

PROBLEMS:
* Expected `,` or `]` but found:
```

```
