```
"foo
bar"
```

STRING: "\"foo\n"(0, 5)
    TOKEN: "\""(0, 1)
    VALUE: "foo"(1, 3)
    ERROR: "\n"(4, 1)

REST: "bar\""(5, 4)
PROBLEMS:
* Expected `"`, but found:
```


```
