```
2 + 3 * 4
```

BINARY (VALUE): "2 + 3 * 4"(0, 9)
    NUMBER (VALUE): "2"(0, 1)
    WS (EXTRA): " "(1, 1)
    TOKEN: "+"(2, 1)
    WS (EXTRA): " "(3, 1)
    BINARY (VALUE): "3 * 4"(4, 5)
        NUMBER (VALUE): "3"(4, 1)
        WS (EXTRA): " "(5, 1)
        TOKEN: "*"(6, 1)
        WS (EXTRA): " "(7, 1)
        NUMBER (VALUE): "4"(8, 1)

NO PROBLEMS
