```
4
```

NUMBER (VALUE): "4"(0, 1)

NO PROBLEMS
