```
[true]
```

ARRAY (VALUE): "[true]"(0, 5)
    TOKEN: "["(0, 0)
    TOKEN (BOOLEAN VALUE): "true"(1, 4)
    TOKEN: "]"(5, 5)

NO PROBLEMS
