```
//foo
```

INLINECOMMENT: "//foo"

NO PROBLEMS
