```
[ true, false, ]
```

ARRAY: "[ true, false, ]"(0, 16)
    TOKEN: "["(0, 1)
    WS (EXTRA): " "(1, 1)
    TOKEN (BOOLEAN VALUE): "true"(2, 4)
    TOKEN: ","(6, 1)
    WS (EXTRA): " "(7, 1)
    TOKEN (BOOLEAN VALUE): "false"(8, 5)
    TOKEN: ","(13, 1)
    WS (EXTRA): " "(14, 1)
    TOKEN: "]"(15, 1)

NO PROBLEMS
