```
/* Outline comment */
```

OUTLINECOMMENT: "/* Outline comment */"

NO PROBLEMS
