```
false
```

TOKEN (BOOLEAN): "false"(0, 5)

NO PROBLEMS
