```
[true,false]
```

ARRAY (VALUE): "[true,false]"(0, 11)
    TOKEN: "["(0, 0)
    TOKEN (BOOLEAN VALUE): "true"(1, 4)
    TOKEN: ","(5, 5)
    TOKEN (BOOLEAN VALUE): "false"(6, 10)
    TOKEN: "]"(11, 11)

NO PROBLEMS
