```
0,more
```

NUMBER: "0"

REST: ",more"
NO PROBLEMS
