```
[true,false]
```

ARRAY: "[true,false]"
    TOKEN: "["
    BOOL: "true"
    TOKEN: ","
    BOOL: "false"
    TOKEN: "]"

NO PROBLEMS
