```
true
```

TOKEN (BOOLEAN): "true"(0, 4)

NO PROBLEMS
