```
["  foo   "]
```

ARRAY (VALUE): "[\"  foo   \"]"(0, 12)
    TOKEN: "["(0, 1)
    STRING (VALUE): "\"  foo   \""(1, 10)
        TOKEN: "\""(1, 1)
        VALUE: "  foo   "(2, 8)
        TOKEN: "\""(10, 1)
    TOKEN: "]"(11, 1)

NO PROBLEMS
