```
{
    "foo": "bar,
    "baz": 2
}
```

OBJECT: "{\n"
    TOKEN: "{"
    ERROR: "\n"
WHITESPACE: "    "

REST: "\"foo\": \"bar,\n    \"baz\": 2\n}"
PROBLEMS:
* I expected '}'
```


```
