```
{
    "foo": "bar,
    "baz": 2
}
```

STRING: "{\n    \""
    ERROR: "{"
    INNERSTRING: "\n    "
    TOKEN: "\""

REST: "foo\": \"bar,\n    \"baz\": 2\n}"
PROBLEMS:
* I expected '"'
```
{
```
