```
""
```

STRING: "\"\""
    DOUBLEQUOTE: "\""
    INNERSTRING: ""
    DOUBLEQUOTE: "\""

NO PROBLEMS
