```
/* foo
```

MULTILINECOMMENT (COMMENT): "/* foo"(0, 6)
    ERROR: ""(6, 0)

PROBLEMS:
[38;5;1m--------------------------------- SYNTAX ERROR ---------------------------------[m
I was parsing MultilineComment when found issue:
[38;5;6m 0 |[38;5;15m[1m/* foo[m[38;5;8m\EOF[m
[38;5;6m ~ |[m      [38;5;9m^ I expected `*/`[m
