```
// fooo
```

INLINECOMMENT (COMMENT): "// fooo"(0, 7)

NO PROBLEMS
